A,B,C,B,D
640,773,5058,773,14421
775,85,10164,85,5117
-551,811,1534,811,13393
-952,311,1318,311,16116
-354,646,7063,646,5403
-497,335,4549,335,6309
411,803,10519,803,12262
-900,718,9020,718,10226
858,731,3668,731,13021
