A,B,C,D
640,773,5058,14421
775,85,10164,5117
-551,811,1534,13393
-952,311,1318,16116
-354,646,7063,5403
-497,335,4549,6309
411,803,10519,12262
-900,718,9020,10226
858,731,3668,13021
