A,C,B,D
640,5058,773,14421
775,10164,85,5117
-551,1534,811,13393
-952,1318,311,16116
-354,7063,646,5403
-497,4549,335,6309
411,10519,803,12262
-900,9020,718,10226
858,3668,731,13021
