table1.A,table2.D
640,14421
775,5117
-551,13393
-952,16116
-354,5403
-497,6309
411,12262
-900,10226
858,13021
