table1.A
640
775
-551
-952
-354
-497
411
-900
858
